  Identification des projets ├á restaurer...
S:\PROGRAMATION\TransitManager\src\TransitManager.WPF\TransitManager.WPF.csproj : warning NU1701: Le package 'AForge 2.2.5' a ├®t├® restaur├® en utilisant '.NETFramework,Version=v4.6.1, .NETFramework,Version=v4.6.2, .NETFramework,Version=v4.7, .NETFramework,Version=v4.7.1, .NETFramework,Version=v4.7.2, .NETFramework,Version=v4.8, .NETFramework,Version=v4.8.1' au lieu du framework cible du projet 'net8.0-windows7.0'. Ce package n'est peut-├¬tre pas totalement compatible avec votre projet. [S:\PROGRAMATION\TransitManager\TransitManager.sln]
S:\PROGRAMATION\TransitManager\src\TransitManager.WPF\TransitManager.WPF.csproj : warning NU1701: Le package 'AForge.Video 2.2.5' a ├®t├® restaur├® en utilisant '.NETFramework,Version=v4.6.1, .NETFramework,Version=v4.6.2, .NETFramework,Version=v4.7, .NETFramework,Version=v4.7.1, .NETFramework,Version=v4.7.2, .NETFramework,Version=v4.8, .NETFramework,Version=v4.8.1' au lieu du framework cible du projet 'net8.0-windows7.0'. Ce package n'est peut-├¬tre pas totalement compatible avec votre projet. [S:\PROGRAMATION\TransitManager\TransitManager.sln]
S:\PROGRAMATION\TransitManager\src\TransitManager.WPF\TransitManager.WPF.csproj : warning NU1701: Le package 'AForge.Video.DirectShow 2.2.5' a ├®t├® restaur├® en utilisant '.NETFramework,Version=v4.6.1, .NETFramework,Version=v4.6.2, .NETFramework,Version=v4.7, .NETFramework,Version=v4.7.1, .NETFramework,Version=v4.7.2, .NETFramework,Version=v4.8, .NETFramework,Version=v4.8.1' au lieu du framework cible du projet 'net8.0-windows7.0'. Ce package n'est peut-├¬tre pas totalement compatible avec votre projet. [S:\PROGRAMATION\TransitManager\TransitManager.sln]
S:\PROGRAMATION\TransitManager\src\TransitManager.WPF\TransitManager.WPF.csproj : warning NU1701: Le package 'FontAwesome.WPF 4.7.0.9' a ├®t├® restaur├® en utilisant '.NETFramework,Version=v4.6.1, .NETFramework,Version=v4.6.2, .NETFramework,Version=v4.7, .NETFramework,Version=v4.7.1, .NETFramework,Version=v4.7.2, .NETFramework,Version=v4.8, .NETFramework,Version=v4.8.1' au lieu du framework cible du projet 'net8.0-windows7.0'. Ce package n'est peut-├¬tre pas totalement compatible avec votre projet. [S:\PROGRAMATION\TransitManager\TransitManager.sln]
S:\PROGRAMATION\TransitManager\src\TransitManager.WPF\TransitManager.WPF.csproj : warning NU1701: Le package 'ToastNotifications 2.5.1' a ├®t├® restaur├® en utilisant '.NETFramework,Version=v4.6.1, .NETFramework,Version=v4.6.2, .NETFramework,Version=v4.7, .NETFramework,Version=v4.7.1, .NETFramework,Version=v4.7.2, .NETFramework,Version=v4.8, .NETFramework,Version=v4.8.1' au lieu du framework cible du projet 'net8.0-windows7.0'. Ce package n'est peut-├¬tre pas totalement compatible avec votre projet. [S:\PROGRAMATION\TransitManager\TransitManager.sln]
S:\PROGRAMATION\TransitManager\src\TransitManager.WPF\TransitManager.WPF.csproj : warning NU1701: Le package 'ToastNotifications.Messages 2.5.1' a ├®t├® restaur├® en utilisant '.NETFramework,Version=v4.6.1, .NETFramework,Version=v4.6.2, .NETFramework,Version=v4.7, .NETFramework,Version=v4.7.1, .NETFramework,Version=v4.7.2, .NETFramework,Version=v4.8, .NETFramework,Version=v4.8.1' au lieu du framework cible du projet 'net8.0-windows7.0'. Ce package n'est peut-├¬tre pas totalement compatible avec votre projet. [S:\PROGRAMATION\TransitManager\TransitManager.sln]
  Tous les projets sont ├á jour pour la restauration.
S:\PROGRAMATION\TransitManager\src\TransitManager.WPF\TransitManager.WPF.csproj : warning NU1701: Le package 'AForge 2.2.5' a ├®t├® restaur├® en utilisant '.NETFramework,Version=v4.6.1, .NETFramework,Version=v4.6.2, .NETFramework,Version=v4.7, .NETFramework,Version=v4.7.1, .NETFramework,Version=v4.7.2, .NETFramework,Version=v4.8, .NETFramework,Version=v4.8.1' au lieu du framework cible du projet 'net8.0-windows7.0'. Ce package n'est peut-├¬tre pas totalement compatible avec votre projet.
S:\PROGRAMATION\TransitManager\src\TransitManager.WPF\TransitManager.WPF.csproj : warning NU1701: Le package 'AForge.Video 2.2.5' a ├®t├® restaur├® en utilisant '.NETFramework,Version=v4.6.1, .NETFramework,Version=v4.6.2, .NETFramework,Version=v4.7, .NETFramework,Version=v4.7.1, .NETFramework,Version=v4.7.2, .NETFramework,Version=v4.8, .NETFramework,Version=v4.8.1' au lieu du framework cible du projet 'net8.0-windows7.0'. Ce package n'est peut-├¬tre pas totalement compatible avec votre projet.
S:\PROGRAMATION\TransitManager\src\TransitManager.WPF\TransitManager.WPF.csproj : warning NU1701: Le package 'AForge.Video.DirectShow 2.2.5' a ├®t├® restaur├® en utilisant '.NETFramework,Version=v4.6.1, .NETFramework,Version=v4.6.2, .NETFramework,Version=v4.7, .NETFramework,Version=v4.7.1, .NETFramework,Version=v4.7.2, .NETFramework,Version=v4.8, .NETFramework,Version=v4.8.1' au lieu du framework cible du projet 'net8.0-windows7.0'. Ce package n'est peut-├¬tre pas totalement compatible avec votre projet.
S:\PROGRAMATION\TransitManager\src\TransitManager.WPF\TransitManager.WPF.csproj : warning NU1701: Le package 'FontAwesome.WPF 4.7.0.9' a ├®t├® restaur├® en utilisant '.NETFramework,Version=v4.6.1, .NETFramework,Version=v4.6.2, .NETFramework,Version=v4.7, .NETFramework,Version=v4.7.1, .NETFramework,Version=v4.7.2, .NETFramework,Version=v4.8, .NETFramework,Version=v4.8.1' au lieu du framework cible du projet 'net8.0-windows7.0'. Ce package n'est peut-├¬tre pas totalement compatible avec votre projet.
S:\PROGRAMATION\TransitManager\src\TransitManager.WPF\TransitManager.WPF.csproj : warning NU1701: Le package 'ToastNotifications 2.5.1' a ├®t├® restaur├® en utilisant '.NETFramework,Version=v4.6.1, .NETFramework,Version=v4.6.2, .NETFramework,Version=v4.7, .NETFramework,Version=v4.7.1, .NETFramework,Version=v4.7.2, .NETFramework,Version=v4.8, .NETFramework,Version=v4.8.1' au lieu du framework cible du projet 'net8.0-windows7.0'. Ce package n'est peut-├¬tre pas totalement compatible avec votre projet.
S:\PROGRAMATION\TransitManager\src\TransitManager.WPF\TransitManager.WPF.csproj : warning NU1701: Le package 'ToastNotifications.Messages 2.5.1' a ├®t├® restaur├® en utilisant '.NETFramework,Version=v4.6.1, .NETFramework,Version=v4.6.2, .NETFramework,Version=v4.7, .NETFramework,Version=v4.7.1, .NETFramework,Version=v4.7.2, .NETFramework,Version=v4.8, .NETFramework,Version=v4.8.1' au lieu du framework cible du projet 'net8.0-windows7.0'. Ce package n'est peut-├¬tre pas totalement compatible avec votre projet.
  PasswordGenerator -> S:\PROGRAMATION\TransitManager\src\PasswordGenerator\bin\Debug\net8.0\PasswordGenerator.dll
  TransitManager.Core -> S:\PROGRAMATION\TransitManager\src\TransitManager.Core\bin\Debug\net8.0\TransitManager.Core.dll
  TransitManager.Infrastructure -> S:\PROGRAMATION\TransitManager\src\TransitManager.Infrastructure\bin\Debug\net8.0\TransitManager.Infrastructure.dll
  TransitManager.API -> S:\PROGRAMATION\TransitManager\src\TransitManager.API\bin\Debug\net8.0\TransitManager.API.dll
  TransitManager.WPF -> S:\PROGRAMATION\TransitManager\src\TransitManager.WPF\bin\Debug\net8.0-windows\win-x64\TransitManager.WPF.dll
C:\Program Files\dotnet\sdk\8.0.413\Microsoft.Common.CurrentVersion.targets(5034,5): warning MSB3026: Impossible de copier "S:\PROGRAMATION\TransitManager\src\TransitManager.Infrastructure\bin\Debug\net8.0\TransitManager.Infrastructure.dll" vers "bin\Debug\net8.0\TransitManager.Infrastructure.dll". Nouvelle tentative de l'op├®ration 1 dans 1000┬áms. The process cannot access the file 'S:\PROGRAMATION\TransitManager\src\TransitManager.Web\bin\Debug\net8.0\TransitManager.Infrastructure.dll' because it is being used by another process. Le fichier est verrouill├® par┬á: "TransitManager.Web (8252)" [S:\PROGRAMATION\TransitManager\src\TransitManager.Web\TransitManager.Web.csproj]
C:\Program Files\dotnet\sdk\8.0.413\Microsoft.Common.CurrentVersion.targets(5034,5): warning MSB3026: Impossible de copier "S:\PROGRAMATION\TransitManager\src\TransitManager.Infrastructure\bin\Debug\net8.0\TransitManager.Infrastructure.dll" vers "bin\Debug\net8.0\TransitManager.Infrastructure.dll". Nouvelle tentative de l'op├®ration 2 dans 1000┬áms. The process cannot access the file 'S:\PROGRAMATION\TransitManager\src\TransitManager.Web\bin\Debug\net8.0\TransitManager.Infrastructure.dll' because it is being used by another process. Le fichier est verrouill├® par┬á: "TransitManager.Web (8252)" [S:\PROGRAMATION\TransitManager\src\TransitManager.Web\TransitManager.Web.csproj]
C:\Program Files\dotnet\sdk\8.0.413\Microsoft.Common.CurrentVersion.targets(5034,5): warning MSB3026: Impossible de copier "S:\PROGRAMATION\TransitManager\src\TransitManager.Infrastructure\bin\Debug\net8.0\TransitManager.Infrastructure.dll" vers "bin\Debug\net8.0\TransitManager.Infrastructure.dll". Nouvelle tentative de l'op├®ration 3 dans 1000┬áms. The process cannot access the file 'S:\PROGRAMATION\TransitManager\src\TransitManager.Web\bin\Debug\net8.0\TransitManager.Infrastructure.dll' because it is being used by another process. Le fichier est verrouill├® par┬á: "TransitManager.Web (8252)" [S:\PROGRAMATION\TransitManager\src\TransitManager.Web\TransitManager.Web.csproj]
C:\Program Files\dotnet\sdk\8.0.413\Microsoft.Common.CurrentVersion.targets(5034,5): warning MSB3026: Impossible de copier "S:\PROGRAMATION\TransitManager\src\TransitManager.Infrastructure\bin\Debug\net8.0\TransitManager.Infrastructure.dll" vers "bin\Debug\net8.0\TransitManager.Infrastructure.dll". Nouvelle tentative de l'op├®ration 4 dans 1000┬áms. The process cannot access the file 'S:\PROGRAMATION\TransitManager\src\TransitManager.Web\bin\Debug\net8.0\TransitManager.Infrastructure.dll' because it is being used by another process. Le fichier est verrouill├® par┬á: "TransitManager.Web (8252)" [S:\PROGRAMATION\TransitManager\src\TransitManager.Web\TransitManager.Web.csproj]
C:\Program Files\dotnet\sdk\8.0.413\Microsoft.Common.CurrentVersion.targets(5034,5): warning MSB3026: Impossible de copier "S:\PROGRAMATION\TransitManager\src\TransitManager.Infrastructure\bin\Debug\net8.0\TransitManager.Infrastructure.dll" vers "bin\Debug\net8.0\TransitManager.Infrastructure.dll". Nouvelle tentative de l'op├®ration 5 dans 1000┬áms. The process cannot access the file 'S:\PROGRAMATION\TransitManager\src\TransitManager.Web\bin\Debug\net8.0\TransitManager.Infrastructure.dll' because it is being used by another process. Le fichier est verrouill├® par┬á: "TransitManager.Web (8252)" [S:\PROGRAMATION\TransitManager\src\TransitManager.Web\TransitManager.Web.csproj]
C:\Program Files\dotnet\sdk\8.0.413\Microsoft.Common.CurrentVersion.targets(5034,5): warning MSB3026: Impossible de copier "S:\PROGRAMATION\TransitManager\src\TransitManager.Infrastructure\bin\Debug\net8.0\TransitManager.Infrastructure.dll" vers "bin\Debug\net8.0\TransitManager.Infrastructure.dll". Nouvelle tentative de l'op├®ration 6 dans 1000┬áms. The process cannot access the file 'S:\PROGRAMATION\TransitManager\src\TransitManager.Web\bin\Debug\net8.0\TransitManager.Infrastructure.dll' because it is being used by another process. Le fichier est verrouill├® par┬á: "TransitManager.Web (8252)" [S:\PROGRAMATION\TransitManager\src\TransitManager.Web\TransitManager.Web.csproj]
  TransitManager.Mobile -> S:\PROGRAMATION\TransitManager\src\TransitManager.Mobile\bin\Debug\net8.0-android\TransitManager.Mobile.dll
  TransitManager.Core -> S:\PROGRAMATION\TransitManager\src\TransitManager.Core\bin\Debug\net8.0\TransitManager.Core.dll
C:\Program Files\dotnet\sdk\8.0.413\Microsoft.Common.CurrentVersion.targets(5034,5): warning MSB3026: Impossible de copier "S:\PROGRAMATION\TransitManager\src\TransitManager.Infrastructure\bin\Debug\net8.0\TransitManager.Infrastructure.dll" vers "bin\Debug\net8.0\TransitManager.Infrastructure.dll". Nouvelle tentative de l'op├®ration 7 dans 1000┬áms. The process cannot access the file 'S:\PROGRAMATION\TransitManager\src\TransitManager.Web\bin\Debug\net8.0\TransitManager.Infrastructure.dll' because it is being used by another process. Le fichier est verrouill├® par┬á: "TransitManager.Web (8252)" [S:\PROGRAMATION\TransitManager\src\TransitManager.Web\TransitManager.Web.csproj]
C:\Program Files\dotnet\sdk\8.0.413\Microsoft.Common.CurrentVersion.targets(5034,5): warning MSB3026: Impossible de copier "S:\PROGRAMATION\TransitManager\src\TransitManager.Infrastructure\bin\Debug\net8.0\TransitManager.Infrastructure.dll" vers "bin\Debug\net8.0\TransitManager.Infrastructure.dll". Nouvelle tentative de l'op├®ration 8 dans 1000┬áms. The process cannot access the file 'S:\PROGRAMATION\TransitManager\src\TransitManager.Web\bin\Debug\net8.0\TransitManager.Infrastructure.dll' because it is being used by another process. Le fichier est verrouill├® par┬á: "TransitManager.Web (8252)" [S:\PROGRAMATION\TransitManager\src\TransitManager.Web\TransitManager.Web.csproj]
C:\Program Files\dotnet\sdk\8.0.413\Microsoft.Common.CurrentVersion.targets(5034,5): warning MSB3026: Impossible de copier "S:\PROGRAMATION\TransitManager\src\TransitManager.Infrastructure\bin\Debug\net8.0\TransitManager.Infrastructure.dll" vers "bin\Debug\net8.0\TransitManager.Infrastructure.dll". Nouvelle tentative de l'op├®ration 9 dans 1000┬áms. The process cannot access the file 'S:\PROGRAMATION\TransitManager\src\TransitManager.Web\bin\Debug\net8.0\TransitManager.Infrastructure.dll' because it is being used by another process. Le fichier est verrouill├® par┬á: "TransitManager.Web (8252)" [S:\PROGRAMATION\TransitManager\src\TransitManager.Web\TransitManager.Web.csproj]
C:\Program Files\dotnet\sdk\8.0.413\Microsoft.Common.CurrentVersion.targets(5034,5): warning MSB3026: Impossible de copier "S:\PROGRAMATION\TransitManager\src\TransitManager.Infrastructure\bin\Debug\net8.0\TransitManager.Infrastructure.dll" vers "bin\Debug\net8.0\TransitManager.Infrastructure.dll". Nouvelle tentative de l'op├®ration 10 dans 1000┬áms. The process cannot access the file 'S:\PROGRAMATION\TransitManager\src\TransitManager.Web\bin\Debug\net8.0\TransitManager.Infrastructure.dll' because it is being used by another process. Le fichier est verrouill├® par┬á: "TransitManager.Web (8252)" [S:\PROGRAMATION\TransitManager\src\TransitManager.Web\TransitManager.Web.csproj]
C:\Program Files\dotnet\sdk\8.0.413\Microsoft.Common.CurrentVersion.targets(5034,5): error MSB3027: Impossible de copier "S:\PROGRAMATION\TransitManager\src\TransitManager.Infrastructure\bin\Debug\net8.0\TransitManager.Infrastructure.dll" vers "bin\Debug\net8.0\TransitManager.Infrastructure.dll". D├®passement du nombre maximal de nouvelles tentatives de 10. ├ëchec. Le fichier est verrouill├® par┬á: "TransitManager.Web (8252)" [S:\PROGRAMATION\TransitManager\src\TransitManager.Web\TransitManager.Web.csproj]
C:\Program Files\dotnet\sdk\8.0.413\Microsoft.Common.CurrentVersion.targets(5034,5): error MSB3021: Impossible de copier le fichier "S:\PROGRAMATION\TransitManager\src\TransitManager.Infrastructure\bin\Debug\net8.0\TransitManager.Infrastructure.dll" vers "bin\Debug\net8.0\TransitManager.Infrastructure.dll". The process cannot access the file 'S:\PROGRAMATION\TransitManager\src\TransitManager.Web\bin\Debug\net8.0\TransitManager.Infrastructure.dll' because it is being used by another process. [S:\PROGRAMATION\TransitManager\src\TransitManager.Web\TransitManager.Web.csproj]

├ëCHEC de la build.

S:\PROGRAMATION\TransitManager\src\TransitManager.WPF\TransitManager.WPF.csproj : warning NU1701: Le package 'AForge 2.2.5' a ├®t├® restaur├® en utilisant '.NETFramework,Version=v4.6.1, .NETFramework,Version=v4.6.2, .NETFramework,Version=v4.7, .NETFramework,Version=v4.7.1, .NETFramework,Version=v4.7.2, .NETFramework,Version=v4.8, .NETFramework,Version=v4.8.1' au lieu du framework cible du projet 'net8.0-windows7.0'. Ce package n'est peut-├¬tre pas totalement compatible avec votre projet. [S:\PROGRAMATION\TransitManager\TransitManager.sln]
S:\PROGRAMATION\TransitManager\src\TransitManager.WPF\TransitManager.WPF.csproj : warning NU1701: Le package 'AForge.Video 2.2.5' a ├®t├® restaur├® en utilisant '.NETFramework,Version=v4.6.1, .NETFramework,Version=v4.6.2, .NETFramework,Version=v4.7, .NETFramework,Version=v4.7.1, .NETFramework,Version=v4.7.2, .NETFramework,Version=v4.8, .NETFramework,Version=v4.8.1' au lieu du framework cible du projet 'net8.0-windows7.0'. Ce package n'est peut-├¬tre pas totalement compatible avec votre projet. [S:\PROGRAMATION\TransitManager\TransitManager.sln]
S:\PROGRAMATION\TransitManager\src\TransitManager.WPF\TransitManager.WPF.csproj : warning NU1701: Le package 'AForge.Video.DirectShow 2.2.5' a ├®t├® restaur├® en utilisant '.NETFramework,Version=v4.6.1, .NETFramework,Version=v4.6.2, .NETFramework,Version=v4.7, .NETFramework,Version=v4.7.1, .NETFramework,Version=v4.7.2, .NETFramework,Version=v4.8, .NETFramework,Version=v4.8.1' au lieu du framework cible du projet 'net8.0-windows7.0'. Ce package n'est peut-├¬tre pas totalement compatible avec votre projet. [S:\PROGRAMATION\TransitManager\TransitManager.sln]
S:\PROGRAMATION\TransitManager\src\TransitManager.WPF\TransitManager.WPF.csproj : warning NU1701: Le package 'FontAwesome.WPF 4.7.0.9' a ├®t├® restaur├® en utilisant '.NETFramework,Version=v4.6.1, .NETFramework,Version=v4.6.2, .NETFramework,Version=v4.7, .NETFramework,Version=v4.7.1, .NETFramework,Version=v4.7.2, .NETFramework,Version=v4.8, .NETFramework,Version=v4.8.1' au lieu du framework cible du projet 'net8.0-windows7.0'. Ce package n'est peut-├¬tre pas totalement compatible avec votre projet. [S:\PROGRAMATION\TransitManager\TransitManager.sln]
S:\PROGRAMATION\TransitManager\src\TransitManager.WPF\TransitManager.WPF.csproj : warning NU1701: Le package 'ToastNotifications 2.5.1' a ├®t├® restaur├® en utilisant '.NETFramework,Version=v4.6.1, .NETFramework,Version=v4.6.2, .NETFramework,Version=v4.7, .NETFramework,Version=v4.7.1, .NETFramework,Version=v4.7.2, .NETFramework,Version=v4.8, .NETFramework,Version=v4.8.1' au lieu du framework cible du projet 'net8.0-windows7.0'. Ce package n'est peut-├¬tre pas totalement compatible avec votre projet. [S:\PROGRAMATION\TransitManager\TransitManager.sln]
S:\PROGRAMATION\TransitManager\src\TransitManager.WPF\TransitManager.WPF.csproj : warning NU1701: Le package 'ToastNotifications.Messages 2.5.1' a ├®t├® restaur├® en utilisant '.NETFramework,Version=v4.6.1, .NETFramework,Version=v4.6.2, .NETFramework,Version=v4.7, .NETFramework,Version=v4.7.1, .NETFramework,Version=v4.7.2, .NETFramework,Version=v4.8, .NETFramework,Version=v4.8.1' au lieu du framework cible du projet 'net8.0-windows7.0'. Ce package n'est peut-├¬tre pas totalement compatible avec votre projet. [S:\PROGRAMATION\TransitManager\TransitManager.sln]
S:\PROGRAMATION\TransitManager\src\TransitManager.WPF\TransitManager.WPF.csproj : warning NU1701: Le package 'AForge 2.2.5' a ├®t├® restaur├® en utilisant '.NETFramework,Version=v4.6.1, .NETFramework,Version=v4.6.2, .NETFramework,Version=v4.7, .NETFramework,Version=v4.7.1, .NETFramework,Version=v4.7.2, .NETFramework,Version=v4.8, .NETFramework,Version=v4.8.1' au lieu du framework cible du projet 'net8.0-windows7.0'. Ce package n'est peut-├¬tre pas totalement compatible avec votre projet.
S:\PROGRAMATION\TransitManager\src\TransitManager.WPF\TransitManager.WPF.csproj : warning NU1701: Le package 'AForge.Video 2.2.5' a ├®t├® restaur├® en utilisant '.NETFramework,Version=v4.6.1, .NETFramework,Version=v4.6.2, .NETFramework,Version=v4.7, .NETFramework,Version=v4.7.1, .NETFramework,Version=v4.7.2, .NETFramework,Version=v4.8, .NETFramework,Version=v4.8.1' au lieu du framework cible du projet 'net8.0-windows7.0'. Ce package n'est peut-├¬tre pas totalement compatible avec votre projet.
S:\PROGRAMATION\TransitManager\src\TransitManager.WPF\TransitManager.WPF.csproj : warning NU1701: Le package 'AForge.Video.DirectShow 2.2.5' a ├®t├® restaur├® en utilisant '.NETFramework,Version=v4.6.1, .NETFramework,Version=v4.6.2, .NETFramework,Version=v4.7, .NETFramework,Version=v4.7.1, .NETFramework,Version=v4.7.2, .NETFramework,Version=v4.8, .NETFramework,Version=v4.8.1' au lieu du framework cible du projet 'net8.0-windows7.0'. Ce package n'est peut-├¬tre pas totalement compatible avec votre projet.
S:\PROGRAMATION\TransitManager\src\TransitManager.WPF\TransitManager.WPF.csproj : warning NU1701: Le package 'FontAwesome.WPF 4.7.0.9' a ├®t├® restaur├® en utilisant '.NETFramework,Version=v4.6.1, .NETFramework,Version=v4.6.2, .NETFramework,Version=v4.7, .NETFramework,Version=v4.7.1, .NETFramework,Version=v4.7.2, .NETFramework,Version=v4.8, .NETFramework,Version=v4.8.1' au lieu du framework cible du projet 'net8.0-windows7.0'. Ce package n'est peut-├¬tre pas totalement compatible avec votre projet.
S:\PROGRAMATION\TransitManager\src\TransitManager.WPF\TransitManager.WPF.csproj : warning NU1701: Le package 'ToastNotifications 2.5.1' a ├®t├® restaur├® en utilisant '.NETFramework,Version=v4.6.1, .NETFramework,Version=v4.6.2, .NETFramework,Version=v4.7, .NETFramework,Version=v4.7.1, .NETFramework,Version=v4.7.2, .NETFramework,Version=v4.8, .NETFramework,Version=v4.8.1' au lieu du framework cible du projet 'net8.0-windows7.0'. Ce package n'est peut-├¬tre pas totalement compatible avec votre projet.
S:\PROGRAMATION\TransitManager\src\TransitManager.WPF\TransitManager.WPF.csproj : warning NU1701: Le package 'ToastNotifications.Messages 2.5.1' a ├®t├® restaur├® en utilisant '.NETFramework,Version=v4.6.1, .NETFramework,Version=v4.6.2, .NETFramework,Version=v4.7, .NETFramework,Version=v4.7.1, .NETFramework,Version=v4.7.2, .NETFramework,Version=v4.8, .NETFramework,Version=v4.8.1' au lieu du framework cible du projet 'net8.0-windows7.0'. Ce package n'est peut-├¬tre pas totalement compatible avec votre projet.
C:\Program Files\dotnet\sdk\8.0.413\Microsoft.Common.CurrentVersion.targets(5034,5): warning MSB3026: Impossible de copier "S:\PROGRAMATION\TransitManager\src\TransitManager.Infrastructure\bin\Debug\net8.0\TransitManager.Infrastructure.dll" vers "bin\Debug\net8.0\TransitManager.Infrastructure.dll". Nouvelle tentative de l'op├®ration 1 dans 1000┬áms. The process cannot access the file 'S:\PROGRAMATION\TransitManager\src\TransitManager.Web\bin\Debug\net8.0\TransitManager.Infrastructure.dll' because it is being used by another process. Le fichier est verrouill├® par┬á: "TransitManager.Web (8252)" [S:\PROGRAMATION\TransitManager\src\TransitManager.Web\TransitManager.Web.csproj]
C:\Program Files\dotnet\sdk\8.0.413\Microsoft.Common.CurrentVersion.targets(5034,5): warning MSB3026: Impossible de copier "S:\PROGRAMATION\TransitManager\src\TransitManager.Infrastructure\bin\Debug\net8.0\TransitManager.Infrastructure.dll" vers "bin\Debug\net8.0\TransitManager.Infrastructure.dll". Nouvelle tentative de l'op├®ration 2 dans 1000┬áms. The process cannot access the file 'S:\PROGRAMATION\TransitManager\src\TransitManager.Web\bin\Debug\net8.0\TransitManager.Infrastructure.dll' because it is being used by another process. Le fichier est verrouill├® par┬á: "TransitManager.Web (8252)" [S:\PROGRAMATION\TransitManager\src\TransitManager.Web\TransitManager.Web.csproj]
C:\Program Files\dotnet\sdk\8.0.413\Microsoft.Common.CurrentVersion.targets(5034,5): warning MSB3026: Impossible de copier "S:\PROGRAMATION\TransitManager\src\TransitManager.Infrastructure\bin\Debug\net8.0\TransitManager.Infrastructure.dll" vers "bin\Debug\net8.0\TransitManager.Infrastructure.dll". Nouvelle tentative de l'op├®ration 3 dans 1000┬áms. The process cannot access the file 'S:\PROGRAMATION\TransitManager\src\TransitManager.Web\bin\Debug\net8.0\TransitManager.Infrastructure.dll' because it is being used by another process. Le fichier est verrouill├® par┬á: "TransitManager.Web (8252)" [S:\PROGRAMATION\TransitManager\src\TransitManager.Web\TransitManager.Web.csproj]
C:\Program Files\dotnet\sdk\8.0.413\Microsoft.Common.CurrentVersion.targets(5034,5): warning MSB3026: Impossible de copier "S:\PROGRAMATION\TransitManager\src\TransitManager.Infrastructure\bin\Debug\net8.0\TransitManager.Infrastructure.dll" vers "bin\Debug\net8.0\TransitManager.Infrastructure.dll". Nouvelle tentative de l'op├®ration 4 dans 1000┬áms. The process cannot access the file 'S:\PROGRAMATION\TransitManager\src\TransitManager.Web\bin\Debug\net8.0\TransitManager.Infrastructure.dll' because it is being used by another process. Le fichier est verrouill├® par┬á: "TransitManager.Web (8252)" [S:\PROGRAMATION\TransitManager\src\TransitManager.Web\TransitManager.Web.csproj]
C:\Program Files\dotnet\sdk\8.0.413\Microsoft.Common.CurrentVersion.targets(5034,5): warning MSB3026: Impossible de copier "S:\PROGRAMATION\TransitManager\src\TransitManager.Infrastructure\bin\Debug\net8.0\TransitManager.Infrastructure.dll" vers "bin\Debug\net8.0\TransitManager.Infrastructure.dll". Nouvelle tentative de l'op├®ration 5 dans 1000┬áms. The process cannot access the file 'S:\PROGRAMATION\TransitManager\src\TransitManager.Web\bin\Debug\net8.0\TransitManager.Infrastructure.dll' because it is being used by another process. Le fichier est verrouill├® par┬á: "TransitManager.Web (8252)" [S:\PROGRAMATION\TransitManager\src\TransitManager.Web\TransitManager.Web.csproj]
C:\Program Files\dotnet\sdk\8.0.413\Microsoft.Common.CurrentVersion.targets(5034,5): warning MSB3026: Impossible de copier "S:\PROGRAMATION\TransitManager\src\TransitManager.Infrastructure\bin\Debug\net8.0\TransitManager.Infrastructure.dll" vers "bin\Debug\net8.0\TransitManager.Infrastructure.dll". Nouvelle tentative de l'op├®ration 6 dans 1000┬áms. The process cannot access the file 'S:\PROGRAMATION\TransitManager\src\TransitManager.Web\bin\Debug\net8.0\TransitManager.Infrastructure.dll' because it is being used by another process. Le fichier est verrouill├® par┬á: "TransitManager.Web (8252)" [S:\PROGRAMATION\TransitManager\src\TransitManager.Web\TransitManager.Web.csproj]
C:\Program Files\dotnet\sdk\8.0.413\Microsoft.Common.CurrentVersion.targets(5034,5): warning MSB3026: Impossible de copier "S:\PROGRAMATION\TransitManager\src\TransitManager.Infrastructure\bin\Debug\net8.0\TransitManager.Infrastructure.dll" vers "bin\Debug\net8.0\TransitManager.Infrastructure.dll". Nouvelle tentative de l'op├®ration 7 dans 1000┬áms. The process cannot access the file 'S:\PROGRAMATION\TransitManager\src\TransitManager.Web\bin\Debug\net8.0\TransitManager.Infrastructure.dll' because it is being used by another process. Le fichier est verrouill├® par┬á: "TransitManager.Web (8252)" [S:\PROGRAMATION\TransitManager\src\TransitManager.Web\TransitManager.Web.csproj]
C:\Program Files\dotnet\sdk\8.0.413\Microsoft.Common.CurrentVersion.targets(5034,5): warning MSB3026: Impossible de copier "S:\PROGRAMATION\TransitManager\src\TransitManager.Infrastructure\bin\Debug\net8.0\TransitManager.Infrastructure.dll" vers "bin\Debug\net8.0\TransitManager.Infrastructure.dll". Nouvelle tentative de l'op├®ration 8 dans 1000┬áms. The process cannot access the file 'S:\PROGRAMATION\TransitManager\src\TransitManager.Web\bin\Debug\net8.0\TransitManager.Infrastructure.dll' because it is being used by another process. Le fichier est verrouill├® par┬á: "TransitManager.Web (8252)" [S:\PROGRAMATION\TransitManager\src\TransitManager.Web\TransitManager.Web.csproj]
C:\Program Files\dotnet\sdk\8.0.413\Microsoft.Common.CurrentVersion.targets(5034,5): warning MSB3026: Impossible de copier "S:\PROGRAMATION\TransitManager\src\TransitManager.Infrastructure\bin\Debug\net8.0\TransitManager.Infrastructure.dll" vers "bin\Debug\net8.0\TransitManager.Infrastructure.dll". Nouvelle tentative de l'op├®ration 9 dans 1000┬áms. The process cannot access the file 'S:\PROGRAMATION\TransitManager\src\TransitManager.Web\bin\Debug\net8.0\TransitManager.Infrastructure.dll' because it is being used by another process. Le fichier est verrouill├® par┬á: "TransitManager.Web (8252)" [S:\PROGRAMATION\TransitManager\src\TransitManager.Web\TransitManager.Web.csproj]
C:\Program Files\dotnet\sdk\8.0.413\Microsoft.Common.CurrentVersion.targets(5034,5): warning MSB3026: Impossible de copier "S:\PROGRAMATION\TransitManager\src\TransitManager.Infrastructure\bin\Debug\net8.0\TransitManager.Infrastructure.dll" vers "bin\Debug\net8.0\TransitManager.Infrastructure.dll". Nouvelle tentative de l'op├®ration 10 dans 1000┬áms. The process cannot access the file 'S:\PROGRAMATION\TransitManager\src\TransitManager.Web\bin\Debug\net8.0\TransitManager.Infrastructure.dll' because it is being used by another process. Le fichier est verrouill├® par┬á: "TransitManager.Web (8252)" [S:\PROGRAMATION\TransitManager\src\TransitManager.Web\TransitManager.Web.csproj]
C:\Program Files\dotnet\sdk\8.0.413\Microsoft.Common.CurrentVersion.targets(5034,5): error MSB3027: Impossible de copier "S:\PROGRAMATION\TransitManager\src\TransitManager.Infrastructure\bin\Debug\net8.0\TransitManager.Infrastructure.dll" vers "bin\Debug\net8.0\TransitManager.Infrastructure.dll". D├®passement du nombre maximal de nouvelles tentatives de 10. ├ëchec. Le fichier est verrouill├® par┬á: "TransitManager.Web (8252)" [S:\PROGRAMATION\TransitManager\src\TransitManager.Web\TransitManager.Web.csproj]
C:\Program Files\dotnet\sdk\8.0.413\Microsoft.Common.CurrentVersion.targets(5034,5): error MSB3021: Impossible de copier le fichier "S:\PROGRAMATION\TransitManager\src\TransitManager.Infrastructure\bin\Debug\net8.0\TransitManager.Infrastructure.dll" vers "bin\Debug\net8.0\TransitManager.Infrastructure.dll". The process cannot access the file 'S:\PROGRAMATION\TransitManager\src\TransitManager.Web\bin\Debug\net8.0\TransitManager.Infrastructure.dll' because it is being used by another process. [S:\PROGRAMATION\TransitManager\src\TransitManager.Web\TransitManager.Web.csproj]
    22 Avertissement(s)
    2 Erreur(s)

Temps ├®coul├® 00:00:19.48

Des mises ├á jour de la charge de travail sont disponibles. Ex├®cutez `dotnet workload list` pour plus dÔÇÖinformations.
